]0;/perm_storage/home/mdsumner/Git/hypertidy.org]0;mdsumner@thirtyonetwentyone: ~/Git/hypertidy.org[01;32mmdsumner@thirtyonetwentyone[00m:[01;34m~/Git/hypertidy.org[00m$ [K]0;mdsumner@thirtyonetwentyone: ~/Git/hypertidy.org[01;32mmdsumner@thirtyonetwentyone[00m:[01;34m~/Git/hypertidy.org[00m$ git init
Initialized empty Git repository in /perm_storage/home/mdsumner/Git/hypertidy.org/.git/
]0;/perm_storage/home/mdsumner/Git/hypertidy.org]0;mdsumner@thirtyonetwentyone: ~/Git/hypertidy.org[01;32mmdsumner@thirtyonetwentyone[00m:[01;34m~/Git/hypertidy.org[00m$ git status
On branch master

Initial commit

Untracked files:
  (use "git add <file>..." to include in what will be committed)

	[31m.Rproj.user/[m
	[31mconfig.toml[m
	[31mcontent/[m
	[31mhypertidy.org.Rproj[m
	[31mindex.Rmd[m
	[31mpublic/[m
	[31mstatic/[m
	[31mthemes/[m

nothing added to commit but untracked files present (use "git add" to track)
]0;/perm_storage/home/mdsumner/Git/hypertidy.org]0;mdsumner@thirtyonetwentyone: ~/Git/hypertidy.org[01;32mmdsumner@thirtyonetwentyone[00m:[01;34m~/Git/hypertidy.org[00m$ git add .
]0;/perm_storage/home/mdsumner/Git/hypertidy.org]0;mdsumner@thirtyonetwentyone: ~/Git/hypertidy.org[01;32mmdsumner@thirtyonetwentyone[00m:[01;34m~/Git/hypertidy.org[00m$ git commit -m "hypertidy.org"
[master (root-commit) 9cba151] hypertidy.org
 89 files changed, 2831 insertions(+)
 create mode 100644 .Rproj.user/52F80427/console04/6E244745
 create mode 100644 .Rproj.user/52F80427/console04/INDEX001
 create mode 100644 .Rproj.user/52F80427/session-persistent-state
 create mode 100644 .Rproj.user/52F80427/sources/prop/4ED37176
 create mode 100644 .Rproj.user/52F80427/sources/prop/879A0D93
 create mode 100644 .Rproj.user/52F80427/sources/prop/B6E23EBA
 create mode 100644 .Rproj.user/52F80427/sources/prop/D6152775
 create mode 100644 .Rproj.user/52F80427/sources/prop/F3CABF0C
 create mode 100644 .Rproj.user/52F80427/sources/prop/INDEX
 create mode 100644 .Rproj.user/52F80427/sources/s-47908AE/1EE48865
 create mode 100644 .Rproj.user/52F80427/sources/s-47908AE/1EE48865-contents
 create mode 100644 .Rproj.user/52F80427/sources/s-47908AE/36EFD7D6
 create mode 100644 .Rproj.user/52F80427/sources/s-47908AE/36EFD7D6-contents
 create mode 100644 .Rproj.user/52F80427/sources/s-47908AE/53E7E7FB
 create mode 100644 .Rproj.user/52F80427/sources/s-47908AE/53E7E7FB-contents
 create mode 100644 .Rproj.user/52F80427/sources/s-47908AE/656082D
 create mode 100644 .Rproj.user/52F80427/sources/s-47908AE/656082D-contents
 create mode 100644 .Rproj.user/52F80427/sources/s-47908AE/9E83CD95-contents
 create mode 100644 .Rproj.user/52F80427/sources/s-47908AE/lock_file
 create mode 100644 .Rproj.user/shared/notebooks/patch-chunk-names
 create mode 100644 .Rproj.user/shared/notebooks/paths
 create mode 100644 config.toml
 create mode 100644 content/about.md
 create mode 100644 content/post/2017-06-12-hello-hypertidy.md
 create mode 100644 hypertidy.org.Rproj
 create mode 100644 index.Rmd
 create mode 100644 public/.gitkeep
 create mode 100644 public/2015/01/01/lorem-ipsum/index.html
 create mode 100644 public/2015/07/23/hello-r-markdown/index.html
 create mode 100644 public/2016/12/30/a-plain-markdown-post/index.html
 create mode 100644 public/2017/06/12/hello-hypertidy/index.html
 create mode 100644 public/about/index.html
 create mode 100644 public/categories/index.xml
 create mode 100644 public/categories/r/index.html
 create mode 100644 public/categories/r/index.xml
 create mode 100644 public/css/fonts.css
 create mode 100644 public/css/main.css
 create mode 100644 public/fonts/lato-v11-latin-regular.woff
 create mode 100644 public/fonts/lato-v11-latin-regular.woff2
 create mode 100644 public/fonts/merriweather-v13-latin-regular.woff
 create mode 100644 public/fonts/merriweather-v13-latin-regular.woff2
 create mode 100644 public/images/hugo-logo.png
 create mode 100644 public/images/logo.png
 create mode 100644 public/index.html
 create mode 100644 public/index.xml
 create mode 100644 public/js/math-code.js
 create mode 100644 public/post/2015-07-23-r-rmarkdown_files/figure-html/pie-1.png
 create mode 100644 public/post/index.html
 create mode 100644 public/post/index.xml
 create mode 100644 public/sitemap.xml
 create mode 100644 public/tags/index.xml
 create mode 100644 public/tags/plot/index.html
 create mode 100644 public/tags/plot/index.xml
 create mode 100644 public/tags/r-markdown/index.html
 create mode 100644 public/tags/r-markdown/index.xml
 create mode 100644 public/tags/regression/index.html
 create mode 100644 public/tags/regression/index.xml
 create mode 100644 static/.gitkeep
 create mode 100644 static/post/2015-07-23-r-rmarkdown_files/figure-html/pie-1.png
 create mode 100644 themes/hugo-lithium-theme/.gitignore
 create mode 100644 themes/hugo-lithium-theme/LICENSE.md
 create mode 100644 themes/hugo-lithium-theme/README.md
 create mode 100644 themes/hugo-lithium-theme/archetypes/default.md
 create mode 100644 themes/hugo-lithium-theme/exampleSite/config.toml
 create mode 100644 themes/hugo-lithium-theme/exampleSite/content/about.md
 create mode 100644 themes/hugo-lithium-theme/exampleSite/content/post/2015-01-01-lorem-ipsum.md
 create mode 100644 themes/hugo-lithium-theme/exampleSite/content/post/2016-12-30-hello-markdown.md
 create mode 100644 themes/hugo-lithium-theme/exampleSite/static/.gitkeep
 create mode 100644 themes/hugo-lithium-theme/hugo-lithium-theme.Rproj
 create mode 100644 themes/hugo-lithium-theme/layouts/_default/list.html
 create mode 100644 themes/hugo-lithium-theme/layouts/_default/single.html
 create mode 100644 themes/hugo-lithium-theme/layouts/partials/disqus.html
 create mode 100644 themes/hugo-lithium-theme/layouts/partials/footer.html
 create mode 100644 themes/hugo-lithium-theme/layouts/partials/footer_highlightjs.html
 create mode 100644 themes/hugo-lithium-theme/layouts/partials/footer_mathjax.html
 create mode 100644 themes/hugo-lithium-theme/layouts/partials/head.html
 create mode 100644 themes/hugo-lithium-theme/layouts/partials/head_custom.html
 create mode 100644 themes/hugo-lithium-theme/layouts/partials/head_highlightjs.html
 create mode 100644 themes/hugo-lithium-theme/layouts/partials/header.html
 create mode 100644 themes/hugo-lithium-theme/layouts/partials/nav.html
 create mode 100644 themes/hugo-lithium-theme/static/css/fonts.css
 create mode 100644 themes/hugo-lithium-theme/static/css/main.css
 create mode 100644 themes/hugo-lithium-theme/static/fonts/lato-v11-latin-regular.woff
 create mode 100644 themes/hugo-lithium-theme/static/fonts/lato-v11-latin-regular.woff2
 create mode 100644 themes/hugo-lithium-theme/static/fonts/merriweather-v13-latin-regular.woff
 create mode 100644 themes/hugo-lithium-theme/static/fonts/merriweather-v13-latin-regular.woff2
 create mode 100644 themes/hugo-lithium-theme/static/images/hugo-logo.png
 create mode 100644 themes/hugo-lithium-theme/static/images/logo.png
 create mode 100644 themes/hugo-lithium-theme/static/js/math-code.js
]0;/perm_storage/home/mdsumner/Git/hypertidy.org]0;mdsumner@thirtyonetwentyone: ~/Git/hypertidy.org[01;32mmdsumner@thirtyonetwentyone[00m:[01;34m~/Git/hypertidy.org[00m$ git remote add origin https://github.com/rbind/hypertidy.org.git
]0;/perm_storage/home/mdsumner/Git/hypertidy.org]0;mdsumner@thirtyonetwentyone: ~/Git/hypertidy.org[01;32mmdsumner@thirtyonetwentyone[00m:[01;34m~/Git/hypertidy.org[00m$ git push -u origin master
error: cannot run rpostback-askpass: No such file or directory
Username for 'https://github.com': mdsumner
error: cannot run rpostback-askpass: No such file or directory
Password for 'https://mdsumner@github.com': 
Counting objects: 125, done.
Delta compression using up to 16 threads.
Compressing objects:   1% (1/97)   Compressing objects:   2% (2/97)   Compressing objects:   3% (3/97)   Compressing objects:   4% (4/97)   Compressing objects:   5% (5/97)   Compressing objects:   6% (6/97)   Compressing objects:   7% (7/97)   Compressing objects:   8% (8/97)   Compressing objects:   9% (9/97)   Compressing objects:  10% (10/97)   Compressing objects:  11% (11/97)   Compressing objects:  12% (12/97)   Compressing objects:  13% (13/97)   Compressing objects:  14% (14/97)   Compressing objects:  15% (15/97)   Compressing objects:  16% (16/97)   Compressing objects:  17% (17/97)   Compressing objects:  18% (18/97)   Compressing objects:  19% (19/97)   Compressing objects:  20% (20/97)   Compressing objects:  21% (21/97)   Compressing objects:  22% (22/97)   Compressing objects:  23% (23/97)   Compressing objects:  24% (24/97)   Compressing objects:  25% (25/97)   Compressing objects:  26% (26/97)   Compressing objects:  27% (27/97)   Compressing objects:  28% (28/97)   Compressing objects:  29% (29/97)   Compressing objects:  30% (30/97)   Compressing objects:  31% (31/97)   Compressing objects:  32% (32/97)   Compressing objects:  34% (33/97)   Compressing objects:  35% (34/97)   Compressing objects:  36% (35/97)   Compressing objects:  37% (36/97)   Compressing objects:  38% (37/97)   Compressing objects:  39% (38/97)   Compressing objects:  40% (39/97)   Compressing objects:  41% (40/97)   Compressing objects:  42% (41/97)   Compressing objects:  43% (42/97)   Compressing objects:  44% (43/97)   Compressing objects:  45% (44/97)   Compressing objects:  46% (45/97)   Compressing objects:  47% (46/97)   Compressing objects:  48% (47/97)   Compressing objects:  49% (48/97)   Compressing objects:  50% (49/97)   Compressing objects:  51% (50/97)   Compressing objects:  52% (51/97)   Compressing objects:  53% (52/97)   Compressing objects:  54% (53/97)   Compressing objects:  55% (54/97)   Compressing objects:  56% (55/97)   Compressing objects:  57% (56/97)   Compressing objects:  58% (57/97)   Compressing objects:  59% (58/97)   Compressing objects:  60% (59/97)   Compressing objects:  61% (60/97)   Compressing objects:  62% (61/97)   Compressing objects:  63% (62/97)   Compressing objects:  64% (63/97)   Compressing objects:  65% (64/97)   Compressing objects:  67% (65/97)   Compressing objects:  68% (66/97)   Compressing objects:  69% (67/97)   Compressing objects:  70% (68/97)   Compressing objects:  71% (69/97)   Compressing objects:  72% (70/97)   Compressing objects:  73% (71/97)   Compressing objects:  74% (72/97)   Compressing objects:  75% (73/97)   Compressing objects:  76% (74/97)   Compressing objects:  77% (75/97)   Compressing objects:  78% (76/97)   Compressing objects:  79% (77/97)   Compressing objects:  80% (78/97)   Compressing objects:  81% (79/97)   Compressing objects:  82% (80/97)   Compressing objects:  83% (81/97)   Compressing objects:  84% (82/97)   Compressing objects:  85% (83/97)   Compressing objects:  86% (84/97)   Compressing objects:  87% (85/97)   Compressing objects:  88% (86/97)   Compressing objects:  89% (87/97)   Compressing objects:  90% (88/97)   Compressing objects:  91% (89/97)   Compressing objects:  92% (90/97)   Compressing objects:  93% (91/97)   Compressing objects:  94% (92/97)   Compressing objects:  95% (93/97)   Compressing objects:  96% (94/97)   Compressing objects:  97% (95/97)   Compressing objects:  98% (96/97)   Compressing objects: 100% (97/97)   Compressing objects: 100% (97/97), done.
Writing objects:   0% (1/125)   Writing objects:   1% (2/125)   Writing objects:   2% (3/125)   Writing objects:   3% (4/125)   Writing objects:   4% (5/125)   Writing objects:   5% (7/125)   Writing objects:   6% (8/125)   Writing objects:   7% (9/125)   Writing objects:   8% (10/125)   Writing objects:   9% (12/125)   Writing objects:  10% (13/125)   Writing objects:  11% (14/125)   Writing objects:  12% (15/125)   Writing objects:  15% (19/125)   Writing objects:  16% (20/125)   Writing objects:  17% (22/125)   Writing objects:  18% (23/125)   Writing objects:  19% (24/125)   Writing objects:  20% (25/125)   Writing objects:  21% (27/125)   Writing objects:  22% (28/125)   Writing objects:  23% (29/125)   Writing objects:  24% (30/125)   Writing objects:  25% (32/125)   Writing objects:  26% (33/125)   Writing objects:  27% (34/125)   Writing objects:  28% (35/125)   Writing objects:  29% (37/125)   Writing objects:  30% (38/125)   Writing objects:  31% (39/125)   Writing objects:  32% (41/125)   Writing objects:  33% (42/125)   Writing objects:  34% (43/125)   Writing objects:  35% (44/125)   Writing objects:  36% (46/125)   Writing objects:  37% (47/125)   Writing objects:  38% (48/125)   Writing objects:  39% (49/125)   Writing objects:  40% (50/125)   Writing objects:  41% (52/125)   Writing objects:  42% (53/125)   Writing objects:  43% (54/125)   Writing objects:  44% (55/125)   Writing objects:  45% (57/125)   Writing objects:  47% (59/125)   Writing objects:  48% (60/125)   Writing objects:  50% (63/125)   Writing objects:  52% (65/125)   Writing objects:  53% (67/125)   Writing objects:  54% (68/125)   Writing objects:  55% (69/125)   Writing objects:  56% (70/125)   Writing objects:  57% (72/125)   Writing objects:  58% (73/125)   Writing objects:  59% (74/125)   Writing objects:  60% (75/125)   Writing objects:  61% (77/125)   Writing objects:  62% (78/125)   Writing objects:  63% (79/125)   Writing objects:  64% (80/125)   Writing objects:  65% (82/125)   Writing objects:  66% (83/125)   Writing objects:  67% (84/125)   Writing objects:  68% (85/125)   Writing objects:  69% (87/125)   Writing objects:  70% (88/125)   Writing objects:  71% (89/125)   Writing objects:  72% (90/125)   Writing objects:  73% (92/125)   Writing objects:  74% (93/125)   Writing objects:  75% (94/125)   Writing objects:  76% (95/125)   Writing objects:  77% (97/125)   Writing objects:  78% (98/125)   Writing objects:  79% (99/125)   Writing objects:  80% (100/125)   Writing objects:  81% (102/125)   Writing objects:  82% (103/125)   Writing objects:  83% (104/125)   Writing objects:  84% (105/125)   Writing objects:  85% (107/125)   Writing objects:  86% (108/125)   Writing objects:  87% (109/125)   Writing objects:  88% (110/125)   Writing objects:  89% (112/125)   Writing objects:  90% (113/125)   Writing objects:  91% (114/125)   Writing objects:  92% (115/125)   Writing objects:  93% (117/125)   Writing objects:  94% (118/125)   Writing objects:  95% (119/125)   Writing objects:  96% (120/125)   Writing objects:  97% (122/125)   Writing objects:  98% (123/125)   Writing objects:  99% (124/125)   Writing objects: 100% (125/125)   Writing objects: 100% (125/125), 144.58 KiB | 0 bytes/s, done.
Total 125 (delta 19), reused 0 (delta 0)
remote: Resolving deltas:   0% (0/19)   [Kremote: Resolving deltas:  15% (3/19)   [Kremote: Resolving deltas:  21% (4/19)   [Kremote: Resolving deltas:  63% (12/19)   [Kremote: Resolving deltas:  68% (13/19)   [Kremote: Resolving deltas:  84% (16/19)   [Kremote: Resolving deltas: 100% (19/19)   [Kremote: Resolving deltas: 100% (19/19), done.[K
To https://github.com/rbind/hypertidy.org.git
 * [new branch]      master -> master
Branch master set up to track remote branch master from origin.
]0;/perm_storage/home/mdsumner/Git/hypertidy.org]0;mdsumner@thirtyonetwentyone: ~/Git/hypertidy.org[01;32mmdsumner@thirtyonetwentyone[00m:[01;34m~/Git/hypertidy.org[00m$ git commit [K[K[K[K[K[K[K[K[K[K[Kgit status
On branch master
Your branch is up-to-date with 'origin/master'.
Changes not staged for commit:
  (use "git add/rm <file>..." to update what will be committed)
  (use "git checkout -- <file>..." to discard changes in working directory)

	[31mmodified:   .Rproj.user/52F80427/console04/6E244745[m
	[31mmodified:   .Rproj.user/52F80427/sources/prop/F3CABF0C[m
	[31mdeleted:    .Rproj.user/52F80427/sources/s-47908AE/53E7E7FB[m
	[31mmodified:   .Rproj.user/52F80427/sources/s-47908AE/656082D[m
	[31mmodified:   .Rproj.user/52F80427/sources/s-47908AE/656082D-contents[m
	[31mmodified:   content/about.md[m
	[31mmodified:   public/index.xml[m
	[31mmodified:   public/sitemap.xml[m

Untracked files:
  (use "git add <file>..." to include in what will be committed)

	[31m.Rproj.user/52F80427/sources/s-47908AE/F25F5223[m
	[31m.Rproj.user/52F80427/sources/s-47908AE/F25F5223-contents[m

no changes added to commit (use "git add" and/or "git commit -a")
]0;/perm_storage/home/mdsumner/Git/hypertidy.org]0;mdsumner@thirtyonetwentyone: ~/Git/hypertidy.org[01;32mmdsumner@thirtyonetwentyone[00m:[01;34m~/Git/hypertidy.org[00m$ git add .[K[K[K[K[K[K[K[K[Kgit [K[K[K[Ktouch .gitignore
]0;/perm_storage/home/mdsumner/Git/hypertidy.org]0;mdsumner@thirtyonetwentyone: ~/Git/hypertidy.org[01;32mmdsumner@thirtyonetwentyone[00m:[01;34m~/Git/hypertidy.org[00m$ touch .gitignore[6Pgit status
On branch master
Your branch is up-to-date with 'origin/master'.
Changes not staged for commit:
  (use "git add/rm <file>..." to update what will be committed)
  (use "git checkout -- <file>..." to discard changes in working directory)

	[31mmodified:   .Rproj.user/52F80427/console04/6E244745[m
	[31mmodified:   .Rproj.user/52F80427/sources/prop/F3CABF0C[m
	[31mmodified:   .Rproj.user/52F80427/sources/prop/INDEX[m
	[31mdeleted:    .Rproj.user/52F80427/sources/s-47908AE/53E7E7FB[m
	[31mmodified:   .Rproj.user/52F80427/sources/s-47908AE/656082D[m
	[31mmodified:   .Rproj.user/52F80427/sources/s-47908AE/656082D-contents[m
	[31mmodified:   content/about.md[m
	[31mmodified:   public/index.xml[m
	[31mmodified:   public/sitemap.xml[m

Untracked files:
  (use "git add <file>..." to include in what will be committed)

	[31m.gitignore[m

no changes added to commit (use "git add" and/or "git commit -a")
]0;/perm_storage/home/mdsumner/Git/hypertidy.org]0;mdsumner@thirtyonetwentyone: ~/Git/hypertidy.org[01;32mmdsumner@thirtyonetwentyone[00m:[01;34m~/Git/hypertidy.org[00m$ git status
On branch master
Your branch is up-to-date with 'origin/master'.
Changes not staged for commit:
  (use "git add/rm <file>..." to update what will be committed)
  (use "git checkout -- <file>..." to discard changes in working directory)

	[31mmodified:   .Rproj.user/52F80427/console04/6E244745[m
	[31mmodified:   .Rproj.user/52F80427/sources/prop/F3CABF0C[m
	[31mmodified:   .Rproj.user/52F80427/sources/prop/INDEX[m
	[31mdeleted:    .Rproj.user/52F80427/sources/s-47908AE/53E7E7FB[m
	[31mmodified:   .Rproj.user/52F80427/sources/s-47908AE/656082D[m
	[31mmodified:   .Rproj.user/52F80427/sources/s-47908AE/656082D-contents[m
	[31mmodified:   content/about.md[m
	[31mmodified:   public/index.xml[m
	[31mmodified:   public/sitemap.xml[m

Untracked files:
  (use "git add <file>..." to include in what will be committed)

	[31m.Rproj.user/52F80427/sources/prop/40DF4252[m
	[31m.Rproj.user/52F80427/sources/s-47908AE/12C82A7[m
	[31m.Rproj.user/52F80427/sources/s-47908AE/12C82A7-contents[m
	[31m.Rproj.user/52F80427/sources/s-47908AE/F25F5223[m
	[31m.Rproj.user/52F80427/sources/s-47908AE/F25F5223-contents[m
	[31m.gitignore[m

no changes added to commit (use "git add" and/or "git commit -a")
]0;/perm_storage/home/mdsumner/Git/hypertidy.org]0;mdsumner@thirtyonetwentyone: ~/Git/hypertidy.org[01;32mmdsumner@thirtyonetwentyone[00m:[01;34m~/Git/hypertidy.org[00m$ git add contne[K[K[K[K[K[K.